Microchip MPLAB XC8 Compiler V2.50

Linker command line:

-W-3 \
  --edf=C:\Program Files\Microchip\xc8\v2.50\pic\dat\20240725155939_en.msgs \
  -cn -h+dist/default/production\Lab_1.X.production.sym \
  --cmf=dist/default/production\Lab_1.X.production.cmf -z -Q16F18875 \
  -oC:\Users\krisg\AppData\Local\Temp\xcAsvfc.\driver_tmp_3.o \
  --defsym=__MPLAB_BUILD=1 --fixupoverflow=error \
  -Mdist/default/production/Lab_1.X.production.map \
  --md=C:\Users\krisg\AppData\Local\Temp\xcAsvfc.\driver_tmp_0.dat -E1 \
  -ver=XC8 Compiler --acfsm=1493 -ACODE=00h-07FFhx4 -ASTRCODE=00h-01FFFh \
  -ASTRING=00h-0FFhx32 -ACONST=00h-0FFhx32 -AENTRY=00h-0FFhx32 \
  -ACOMMON=070h-07Fh -ABANK0=020h-06Fh -ABANK1=0A0h-0EFh \
  -ABANK2=0120h-016Fh -ABANK3=01A0h-01EFh -ABANK4=0220h-026Fh \
  -ABANK5=02A0h-02EFh -ABANK6=0320h-036Fh -ABANK7=03A0h-03EFh \
  -ABANK8=0420h-046Fh -ABANK9=04A0h-04EFh -ABANK10=0520h-056Fh \
  -ABANK11=05A0h-05EFh -ABANK12=0620h-064Fh -ABIGRAM=02000h-023EFh \
  -ARAM=020h-06Fh,0A0h-0EFh,0120h-016Fh,01A0h-01EFh,0220h-026Fh,02A0h-02EFh,0320h-036Fh,03A0h-03EFh,0420h-046Fh,04A0h-04EFh,0520h-056Fh,05A0h-05EFh,0620h-064Fh \
  -AABS1=020h-07Fh,0A0h-0EFh,0120h-016Fh,01A0h-01EFh,0220h-026Fh,02A0h-02EFh,0320h-036Fh,03A0h-03EFh,0420h-046Fh,04A0h-04EFh,0520h-056Fh,05A0h-05EFh,0620h-064Fh \
  -ASFR0=00h-01Fh -ASFR1=080h-09Fh -ASFR2=0100h-011Fh -ASFR3=0180h-019Fh \
  -ASFR4=0200h-021Fh -ASFR5=0280h-029Fh -ASFR6=0300h-031Fh \
  -ASFR7=0380h-039Fh -ASFR8=0400h-041Fh -ASFR9=0480h-049Fh \
  -ASFR10=0500h-051Fh -ASFR11=0580h-059Fh -ASFR12=0600h-061Fh \
  -ASFR13=0680h-06EFh -ASFR14=0700h-076Fh -ASFR15=0780h-07EFh \
  -ASFR16=0800h-086Fh -ASFR17=0880h-08EFh -ASFR18=0900h-096Fh \
  -ASFR19=0980h-09EFh -ASFR20=0A00h-0A6Fh -ASFR21=0A80h-0AEFh \
  -ASFR22=0B00h-0B6Fh -ASFR23=0B80h-0BEFh -ASFR24=0C00h-0C6Fh \
  -ASFR25=0C80h-0CEFh -ASFR26=0D00h-0D6Fh -ASFR27=0D80h-0DEFh \
  -ASFR28=0E00h-0E6Fh -ASFR29=0E80h-0EEFh -ASFR30=0F00h-0F6Fh \
  -ASFR31=0F80h-0FEFh -ACONFIG=08007h-0800Bh -DCONFIG=2 \
  -AIDLOC=08000h-08003h -DIDLOC=2 -AEEDATA=00h-0FFh/0F000h \
  -peeprom_data=EEDATA -DEEDATA=2 -DCODE=2 -DSTRCODE=2 -DSTRING=2 -DCONST=2 \
  -DENTRY=2 -preset_vec=00h,intentry=04h,sivt,init,end_init -ppowerup=CODE \
  -pcinit=CODE -pfunctab=ENTRY -k \
  C:\Users\krisg\AppData\Local\Temp\xcAsvfc.\driver_tmp_15.o \
  dist/default/production\Lab_1.X.production.o 

Object code version is 3.11

Machine type is 16F18875



                Name                               Link     Load   Length Selector   Space Scale
C:\Users\krisg\AppData\Local\Temp\xcAsvfc.\driver_tmp_15.o
                end_init                             31       31        2        8       0
                reset_vec                             0        0        2        0       0
                config                             8007     8007        5        0       4
dist/default/production\Lab_1.X.production.o
                cinit                                33       33        E        8       0
                intentry                              4        4       2D        8       0
                config                             8007     8007        5        0       4
                text21                              1A4      1A4        3        8       0
                text20                              1A1      1A1        3        8       0
                text19                              193      193        5        8       0
                text18                              18D      18D        6        8       0
                text17                              19E      19E        3        8       0
                text16                              17A      17A        7        8       0
                text15                              13E      13E       17        8       0
                text14                              1A7      1A7        1        8       0
                text13                               87       87       2F        8       0
                text12                               E1       E1       25        8       0
                text10                               B6       B6       2B        8       0
                text9                               171      171        9        8       0
                text8                               187      187        6        8       0
                text7                               165      165        C        8       0
                text6                                41       41       46        8       0
                text5                               106      106       1E        8       0
                text4                               155      155       10        8       0
                text3                               181      181        6        8       0
                text2                               19B      19B        3        8       0
                text1                               198      198        3        8       0
                maintext                            124      124       1A        8       0
                cstackBANK0                          2A       2A        2       20       1
                cstackCOMMON                         70       70        8       70       1
                bssBANK0                             26       26        4       20       1
                bssCOMMON                            78       78        5       70       1
                nvBANK0                              20       20        6       20       1

TOTAL           Name                               Link     Load   Length     Space
        CLASS   CODE           
                end_init                             31       31        2         0
                cinit                                33       33        E         0
                intentry                              4        4       2D         0
                reset_vec                             0        0        2         0
                text21                              1A4      1A4        3         0
                text20                              1A1      1A1        3         0
                text19                              193      193        5         0
                text18                              18D      18D        6         0
                text17                              19E      19E        3         0
                text16                              17A      17A        7         0
                text15                              13E      13E       17         0
                text14                              1A7      1A7        1         0
                text13                               87       87       2F         0
                text12                               E1       E1       25         0
                text10                               B6       B6       2B         0
                text9                               171      171        9         0
                text8                               187      187        6         0
                text7                               165      165        C         0
                text6                                41       41       46         0
                text5                               106      106       1E         0
                text4                               155      155       10         0
                text3                               181      181        6         0
                text2                               19B      19B        3         0
                text1                               198      198        3         0
                maintext                            124      124       1A         0

        CLASS   STRCODE        

        CLASS   STRING         

        CLASS   CONST          

        CLASS   ENTRY          

        CLASS   COMMON         
                cstackCOMMON                         70       70        8         1
                bssCOMMON                            78       78        5         1

        CLASS   BANK0          
                cstackBANK0                          2A       2A        2         1
                bssBANK0                             26       26        4         1
                nvBANK0                              20       20        6         1

        CLASS   BANK1          

        CLASS   BANK2          

        CLASS   BANK3          

        CLASS   BANK4          

        CLASS   BANK5          

        CLASS   BANK6          

        CLASS   BANK7          

        CLASS   BANK8          

        CLASS   BANK9          

        CLASS   BANK10         

        CLASS   BANK11         

        CLASS   BANK12         

        CLASS   BIGRAM         

        CLASS   RAM            

        CLASS   ABS1           
                abs_s1                               7E       7E        2         1

        CLASS   SFR0           

        CLASS   SFR1           

        CLASS   SFR2           

        CLASS   SFR3           

        CLASS   SFR4           

        CLASS   SFR5           

        CLASS   SFR6           

        CLASS   SFR7           

        CLASS   SFR8           

        CLASS   SFR9           

        CLASS   SFR10          

        CLASS   SFR11          

        CLASS   SFR12          

        CLASS   SFR13          

        CLASS   SFR14          

        CLASS   SFR15          

        CLASS   SFR16          

        CLASS   SFR17          

        CLASS   SFR18          

        CLASS   SFR19          

        CLASS   SFR20          

        CLASS   SFR21          

        CLASS   SFR22          

        CLASS   SFR23          

        CLASS   SFR24          

        CLASS   SFR25          

        CLASS   SFR26          

        CLASS   SFR27          

        CLASS   SFR28          

        CLASS   SFR29          

        CLASS   SFR30          

        CLASS   SFR31          

        CLASS   CONFIG         
                config                             8007     8007        5         4

        CLASS   IDLOC          

        CLASS   EEDATA         

        CLASS   BANK31         

        CLASS   BANK30         

        CLASS   BANK29         

        CLASS   BANK28         

        CLASS   BANK27         

        CLASS   BANK26         

        CLASS   BANK25         

        CLASS   BANK24         

        CLASS   BANK23         

        CLASS   BANK22         

        CLASS   BANK21         

        CLASS   BANK20         

        CLASS   BANK19         

        CLASS   BANK18         

        CLASS   BANK17         

        CLASS   BANK16         

        CLASS   BANK15         

        CLASS   BANK14         

        CLASS   BANK13         

        CLASS   HEAP           

        CLASS   STACK          



SEGMENTS        Name                           Load    Length   Top    Selector   Space  Class     Delta

                reset_vec                      000000  000002  000002         0       0  CODE        2
                intentry                       000004  0001A4  0001A8         8       0  CODE        2
                nvBANK0                        000020  00000C  00002C        20       1  BANK0       1
                cstackCOMMON                   000070  00000D  00007D        70       1  COMMON      1


UNUSED ADDRESS RANGES

        Name                Unused          Largest block    Delta
        BANK0            0002C-0006F              44           1
        BANK1            000A0-000EF              50           1
        BANK10           00520-0056F              50           1
        BANK11           005A0-005EF              50           1
        BANK12           00620-0064F              30           1
        BANK2            00120-0016F              50           1
        BANK3            001A0-001EF              50           1
        BANK4            00220-0026F              50           1
        BANK5            002A0-002EF              50           1
        BANK6            00320-0036F              50           1
        BANK7            003A0-003EF              50           1
        BANK8            00420-0046F              50           1
        BANK9            004A0-004EF              50           1
        BIGRAM           02000-023EF             3F0           1
        CODE             00002-00003               2           2
                         001A8-01FFF             800
        COMMON           0007D-0007D               1           1
        CONST            00002-00003               2           2
                         001A8-01FFF             100
        EEDATA           0F000-0F0FF             100           2
        ENTRY            00002-00003               2           2
                         001A8-01FFF             100
        IDLOC            08000-08003               4           2
        RAM              0002C-0006F              44           1
                         000A0-000EF              50
                         00120-0016F              50
                         001A0-001EF              50
                         00220-0026F              50
                         002A0-002EF              50
                         00320-0036F              50
                         003A0-003EF              50
                         00420-0046F              50
                         004A0-004EF              50
                         00520-0056F              50
                         005A0-005EF              50
                         00620-0064F              30
        SFR0             00000-0001F              20           1
        SFR1             00080-0009F              20           1
        SFR10            00500-0051F              20           1
        SFR11            00580-0059F              20           1
        SFR12            00600-0061F              20           1
        SFR13            00680-006EF              70           1
        SFR14            00700-0076F              70           1
        SFR15            00780-007EF              70           1
        SFR16            00800-0086F              70           1
        SFR17            00880-008EF              70           1
        SFR18            00900-0096F              70           1
        SFR19            00980-009EF              70           1
        SFR2             00100-0011F              20           1
        SFR20            00A00-00A6F              70           1
        SFR21            00A80-00AEF              70           1
        SFR22            00B00-00B6F              70           1
        SFR23            00B80-00BEF              70           1
        SFR24            00C00-00C6F              70           1
        SFR25            00C80-00CEF              70           1
        SFR26            00D00-00D6F              70           1
        SFR27            00D80-00DEF              70           1
        SFR28            00E00-00E6F              70           1
        SFR29            00E80-00EEF              70           1
        SFR3             00180-0019F              20           1
        SFR30            00F00-00F6F              70           1
        SFR31            00F80-00FEF              70           1
        SFR4             00200-0021F              20           1
        SFR5             00280-0029F              20           1
        SFR6             00300-0031F              20           1
        SFR7             00380-0039F              20           1
        SFR8             00400-0041F              20           1
        SFR9             00480-0049F              20           1
        STRCODE          00002-00003               2           2
                         001A8-01FFF            1E58
        STRING           00002-00003               2           2
                         001A8-01FFF             100

                                  Symbol Table

?_ADC_ConversionResultGet                     cstackCOMMON 00070
ADC_ChannelSelect@channel                     cstackCOMMON 00070
ADC_Logic@rawResult                           cstackCOMMON 00075
ADC_Logic@result3Bit                          cstackCOMMON 00077
INT_SetInterruptHandler@InterruptHandler      cstackBANK0  0002A
TMR1_CounterSet@onState                       cstackCOMMON 00072
TMR1_CounterSet@timerVal                      cstackCOMMON 00070
TMR1_OverflowCallbackRegister@CallbackHandler cstackBANK0  0002A
TMR1_OverflowISR@CountCallBack                bssCOMMON    00078
_ADACCH                                       (abs)        00091
_ADACCL                                       (abs)        00090
_ADACQ                                        (abs)        0009D
_ADACT                                        (abs)        00099
_ADCAP                                        (abs)        0009B
_ADCLK                                        (abs)        00098
_ADCNT                                        (abs)        0010C
_ADCON0                                       (abs)        00093
_ADCON0bits                                   (abs)        00093
_ADCON1                                       (abs)        00094
_ADCON1bits                                   (abs)        00094
_ADCON2                                       (abs)        00095
_ADCON2bits                                   (abs)        00095
_ADCON3                                       (abs)        00096
_ADCON3bits                                   (abs)        00096
_ADC_ChannelSelect                            text19       00193
_ADC_ConversionDoneCallback                   bssBANK0     00028
_ADC_ConversionResultGet                      text18       0018D
_ADC_ConversionStart                          text17       0019E
_ADC_ISR                                      text21       001A4
_ADC_Initialize                               text10       000B6
_ADC_IsConversionDone                         text16       0017A
_ADC_Logic                                    text13       00087
_ADC_ThresholdCallback                        bssBANK0     00026
_ADC_ThresholdISR                             text20       001A1
_ADERRH                                       (abs)        00117
_ADERRL                                       (abs)        00116
_ADFLTRH                                      (abs)        00115
_ADFLTRL                                      (abs)        00114
_ADLTHH                                       (abs)        0010F
_ADLTHL                                       (abs)        0010E
_ADPCH                                        (abs)        0009E
_ADPRE                                        (abs)        0009C
_ADPREVH                                      (abs)        0008F
_ADPREVL                                      (abs)        0008E
_ADREF                                        (abs)        0009A
_ADRESH                                       (abs)        0008D
_ADRESL                                       (abs)        0008C
_ADRPT                                        (abs)        0010D
_ADSTAT                                       (abs)        00097
_ADSTATbits                                   (abs)        00097
_ADSTPTH                                      (abs)        00113
_ADSTPTL                                      (abs)        00112
_ADUTHH                                       (abs)        00111
_ADUTHL                                       (abs)        00110
_ANSELA                                       (abs)        00F38
_ANSELAbits                                   (abs)        00F38
_ANSELB                                       (abs)        00F43
_ANSELC                                       (abs)        00F4E
_ANSELD                                       (abs)        00F59
_ANSELE                                       (abs)        00F64
_CLOCK_Initialize                             text9        00171
_INLVLA                                       (abs)        00F3C
_INLVLB                                       (abs)        00F47
_INLVLC                                       (abs)        00F52
_INLVLD                                       (abs)        00F5D
_INLVLE                                       (abs)        00F68
_INTCONbits                                   (abs)        0000B
_INTERRUPT_Initialize                         text7        00165
_INTERRUPT_InterruptManager                   intentry     00004
_INT_DefaultInterruptHandler                  (abs)        00000
_INT_InterruptHandler                         nvBANK0      00024
_INT_SetInterruptHandler                      text8        00187
_IOCAF                                        (abs)        00F3F
_IOCAN                                        (abs)        00F3E
_IOCAP                                        (abs)        00F3D
_IOCBF                                        (abs)        00F4A
_IOCBN                                        (abs)        00F49
_IOCBP                                        (abs)        00F48
_IOCCF                                        (abs)        00F55
_IOCCN                                        (abs)        00F54
_IOCCP                                        (abs)        00F53
_IOCEF                                        (abs)        00F6B
_IOCEN                                        (abs)        00F6A
_IOCEP                                        (abs)        00F69
_LATA                                         (abs)        00016
_LATAbits                                     (abs)        00016
_LATB                                         (abs)        00017
_LATC                                         (abs)        00018
_LATD                                         (abs)        00019
_LATE                                         (abs)        0001A
_ODCONA                                       (abs)        00F3A
_ODCONB                                       (abs)        00F45
_ODCONC                                       (abs)        00F50
_ODCOND                                       (abs)        00F5B
_ODCONE                                       (abs)        00F66
_OSCCON1                                      (abs)        0088D
_OSCCON3                                      (abs)        0088F
_OSCEN                                        (abs)        00891
_OSCFRQ                                       (abs)        00893
_OSCTUNE                                      (abs)        00892
_PIE1bits                                     (abs)        00717
_PIE4bits                                     (abs)        0071A
_PIE5bits                                     (abs)        0071B
_PIN_MANAGER_Initialize                       text6        00041
_PIR0bits                                     (abs)        0070C
_PIR1bits                                     (abs)        0070D
_PIR4bits                                     (abs)        00710
_PIR5bits                                     (abs)        00711
_SLRCONA                                      (abs)        00F3B
_SLRCONB                                      (abs)        00F46
_SLRCONC                                      (abs)        00F51
_SLRCOND                                      (abs)        00F5C
_SLRCONE                                      (abs)        00F67
_SYSTEM_Initialize                            text4        00155
_T1CLK                                        (abs)        00211
_T1CON                                        (abs)        0020E
_T1CONbits                                    (abs)        0020E
_T1GATE                                       (abs)        00210
_T1GCON                                       (abs)        0020F
_T1GCONbits                                   (abs)        0020F
_TMR1H                                        (abs)        0020D
_TMR1L                                        (abs)        0020C
_TMR1_CounterSet                              text15       0013E
_TMR1_DefaultGateCallback                     (abs)        00000
_TMR1_DefaultOverflowCallback                 text14       001A7
_TMR1_GateCallback                            nvBANK0      00020
_TMR1_Initialize                              text5        00106
_TMR1_OverflowCallback                        nvBANK0      00022
_TMR1_OverflowCallbackRegister                text3        00181
_TMR1_OverflowISR                             text12       000E1
_TMR1_Start                                   text2        0019B
_TMR1_TMRInterruptEnable                      text1        00198
_TRISA                                        (abs)        00011
_TRISAbits                                    (abs)        00011
_TRISB                                        (abs)        00012
_TRISC                                        (abs)        00013
_TRISD                                        (abs)        00014
_TRISE                                        (abs)        00015
_WPUA                                         (abs)        00F39
_WPUB                                         (abs)        00F44
_WPUC                                         (abs)        00F4F
_WPUD                                         (abs)        00F5A
_WPUE                                         (abs)        00F65
__H__absolute__                               __absolute__ 00000
__Habs1                                       abs1         00000
__Hbank0                                      bank0        00000
__Hbank1                                      bank1        00000
__Hbank10                                     bank10       00000
__Hbank11                                     bank11       00000
__Hbank12                                     bank12       00000
__Hbank13                                     bank13       00000
__Hbank14                                     bank14       00000
__Hbank15                                     bank15       00000
__Hbank16                                     bank16       00000
__Hbank17                                     bank17       00000
__Hbank18                                     bank18       00000
__Hbank19                                     bank19       00000
__Hbank2                                      bank2        00000
__Hbank20                                     bank20       00000
__Hbank21                                     bank21       00000
__Hbank22                                     bank22       00000
__Hbank23                                     bank23       00000
__Hbank24                                     bank24       00000
__Hbank25                                     bank25       00000
__Hbank26                                     bank26       00000
__Hbank27                                     bank27       00000
__Hbank28                                     bank28       00000
__Hbank29                                     bank29       00000
__Hbank3                                      bank3        00000
__Hbank30                                     bank30       00000
__Hbank31                                     bank31       00000
__Hbank4                                      bank4        00000
__Hbank5                                      bank5        00000
__Hbank6                                      bank6        00000
__Hbank7                                      bank7        00000
__Hbank8                                      bank8        00000
__Hbank9                                      bank9        00000
__Hbigram                                     bigram       00000
__HbssBANK0                                   bssBANK0     00000
__HbssCOMMON                                  bssCOMMON    00000
__Hcinit                                      cinit        00041
__Hclrtext                                    clrtext      00000
__Hcode                                       code         00000
__Hcommon                                     common       00000
__Hconfig                                     config       0800C
__HcstackBANK0                                cstackBANK0  00000
__HcstackCOMMON                               cstackCOMMON 00000
__Heeprom_data                                eeprom_data  00000
__Hend_init                                   end_init     00033
__Hfunctab                                    functab      00000
__Hheap                                       heap         00000
__Hinit                                       init         00031
__Hintentry                                   intentry     00031
__Hmaintext                                   maintext     00000
__HnvBANK0                                    nvBANK0      00000
__Hpowerup                                    powerup      00000
__Hram                                        ram          00000
__Hreset_vec                                  reset_vec    00002
__Hsfr0                                       sfr0         00000
__Hsfr1                                       sfr1         00000
__Hsfr10                                      sfr10        00000
__Hsfr11                                      sfr11        00000
__Hsfr12                                      sfr12        00000
__Hsfr13                                      sfr13        00000
__Hsfr14                                      sfr14        00000
__Hsfr15                                      sfr15        00000
__Hsfr16                                      sfr16        00000
__Hsfr17                                      sfr17        00000
__Hsfr18                                      sfr18        00000
__Hsfr19                                      sfr19        00000
__Hsfr2                                       sfr2         00000
__Hsfr20                                      sfr20        00000
__Hsfr21                                      sfr21        00000
__Hsfr22                                      sfr22        00000
__Hsfr23                                      sfr23        00000
__Hsfr24                                      sfr24        00000
__Hsfr25                                      sfr25        00000
__Hsfr26                                      sfr26        00000
__Hsfr27                                      sfr27        00000
__Hsfr28                                      sfr28        00000
__Hsfr29                                      sfr29        00000
__Hsfr3                                       sfr3         00000
__Hsfr30                                      sfr30        00000
__Hsfr31                                      sfr31        00000
__Hsfr4                                       sfr4         00000
__Hsfr5                                       sfr5         00000
__Hsfr6                                       sfr6         00000
__Hsfr7                                       sfr7         00000
__Hsfr8                                       sfr8         00000
__Hsfr9                                       sfr9         00000
__Hsivt                                       sivt         00031
__Hspace_0                                    (abs)        001A8
__Hspace_1                                    (abs)        0007D
__Hspace_2                                    (abs)        00000
__Hspace_3                                    (abs)        00000
__Hspace_4                                    (abs)        10013
__Hstack                                      stack        00000
__Hstrings                                    strings      00000
__Htext                                       text         00000
__L__absolute__                               __absolute__ 00000
__Labs1                                       abs1         00000
__Lbank0                                      bank0        00000
__Lbank1                                      bank1        00000
__Lbank10                                     bank10       00000
__Lbank11                                     bank11       00000
__Lbank12                                     bank12       00000
__Lbank13                                     bank13       00000
__Lbank14                                     bank14       00000
__Lbank15                                     bank15       00000
__Lbank16                                     bank16       00000
__Lbank17                                     bank17       00000
__Lbank18                                     bank18       00000
__Lbank19                                     bank19       00000
__Lbank2                                      bank2        00000
__Lbank20                                     bank20       00000
__Lbank21                                     bank21       00000
__Lbank22                                     bank22       00000
__Lbank23                                     bank23       00000
__Lbank24                                     bank24       00000
__Lbank25                                     bank25       00000
__Lbank26                                     bank26       00000
__Lbank27                                     bank27       00000
__Lbank28                                     bank28       00000
__Lbank29                                     bank29       00000
__Lbank3                                      bank3        00000
__Lbank30                                     bank30       00000
__Lbank31                                     bank31       00000
__Lbank4                                      bank4        00000
__Lbank5                                      bank5        00000
__Lbank6                                      bank6        00000
__Lbank7                                      bank7        00000
__Lbank8                                      bank8        00000
__Lbank9                                      bank9        00000
__Lbigram                                     bigram       00000
__LbssBANK0                                   bssBANK0     00000
__LbssCOMMON                                  bssCOMMON    00000
__Lcinit                                      cinit        00033
__Lclrtext                                    clrtext      00000
__Lcode                                       code         00000
__Lcommon                                     common       00000
__Lconfig                                     config       00000
__LcstackBANK0                                cstackBANK0  00000
__LcstackCOMMON                               cstackCOMMON 00000
__Leeprom_data                                eeprom_data  00000
__Lend_init                                   end_init     00031
__Lfunctab                                    functab      00000
__Lheap                                       heap         00000
__Linit                                       init         00031
__Lintentry                                   intentry     00004
__Lmaintext                                   maintext     00000
__LnvBANK0                                    nvBANK0      00000
__Lpowerup                                    powerup      00000
__Lram                                        ram          00000
__Lreset_vec                                  reset_vec    00000
__Lsfr0                                       sfr0         00000
__Lsfr1                                       sfr1         00000
__Lsfr10                                      sfr10        00000
__Lsfr11                                      sfr11        00000
__Lsfr12                                      sfr12        00000
__Lsfr13                                      sfr13        00000
__Lsfr14                                      sfr14        00000
__Lsfr15                                      sfr15        00000
__Lsfr16                                      sfr16        00000
__Lsfr17                                      sfr17        00000
__Lsfr18                                      sfr18        00000
__Lsfr19                                      sfr19        00000
__Lsfr2                                       sfr2         00000
__Lsfr20                                      sfr20        00000
__Lsfr21                                      sfr21        00000
__Lsfr22                                      sfr22        00000
__Lsfr23                                      sfr23        00000
__Lsfr24                                      sfr24        00000
__Lsfr25                                      sfr25        00000
__Lsfr26                                      sfr26        00000
__Lsfr27                                      sfr27        00000
__Lsfr28                                      sfr28        00000
__Lsfr29                                      sfr29        00000
__Lsfr3                                       sfr3         00000
__Lsfr30                                      sfr30        00000
__Lsfr31                                      sfr31        00000
__Lsfr4                                       sfr4         00000
__Lsfr5                                       sfr5         00000
__Lsfr6                                       sfr6         00000
__Lsfr7                                       sfr7         00000
__Lsfr8                                       sfr8         00000
__Lsfr9                                       sfr9         00000
__Lsivt                                       sivt         00031
__Lspace_0                                    (abs)        00000
__Lspace_1                                    (abs)        00000
__Lspace_2                                    (abs)        00000
__Lspace_3                                    (abs)        00000
__Lspace_4                                    (abs)        00000
__Lstack                                      stack        00000
__Lstrings                                    strings      00000
__Ltext                                       text         00000
__S0                                          (abs)        001A8
__S1                                          (abs)        0007D
__S3                                          (abs)        00000
___heap_hi                                    (abs)        00000
___heap_lo                                    (abs)        00000
___int_sp                                     stack        00000
___int_stack_hi                               stack        00000
___int_stack_lo                               stack        00000
___latbits                                    (abs)        00002
___sp                                         stack        00000
___stack_hi                                   stack        00000
___stack_lo                                   stack        00000
___stackhi                                    (abs)        00000
___stacklo                                    (abs)        00000
__end_of_ADC_ChannelSelect                    text19       00198
__end_of_ADC_ConversionResultGet              text18       00193
__end_of_ADC_ConversionStart                  text17       001A1
__end_of_ADC_ISR                              text21       001A7
__end_of_ADC_Initialize                       text10       000E1
__end_of_ADC_IsConversionDone                 text16       00181
__end_of_ADC_Logic                            text13       000B6
__end_of_ADC_ThresholdISR                     text20       001A4
__end_of_CLOCK_Initialize                     text9        0017A
__end_of_INTERRUPT_Initialize                 text7        00171
__end_of_INTERRUPT_InterruptManager           intentry     00031
__end_of_INT_SetInterruptHandler              text8        0018D
__end_of_PIN_MANAGER_Initialize               text6        00087
__end_of_SYSTEM_Initialize                    text4        00165
__end_of_TMR1_CounterSet                      text15       00155
__end_of_TMR1_DefaultOverflowCallback         text14       001A8
__end_of_TMR1_Initialize                      text5        00124
__end_of_TMR1_OverflowCallbackRegister        text3        00187
__end_of_TMR1_OverflowISR                     text12       00106
__end_of_TMR1_Start                           text2        0019E
__end_of_TMR1_TMRInterruptEnable              text1        0019B
__end_of__initialization                      cinit        0003D
__end_of_main                                 maintext     0013E
__initialization                              cinit        00033
__pbssBANK0                                   bssBANK0     00026
__pbssCOMMON                                  bssCOMMON    00078
__pcstackBANK0                                cstackBANK0  0002A
__pcstackCOMMON                               cstackCOMMON 00070
__pintentry                                   intentry     00004
__pmaintext                                   maintext     00124
__pnvBANK0                                    nvBANK0      00020
__ptext1                                      text1        00198
__ptext10                                     text10       000B6
__ptext12                                     text12       000E1
__ptext13                                     text13       00087
__ptext14                                     text14       001A7
__ptext15                                     text15       0013E
__ptext16                                     text16       0017A
__ptext17                                     text17       0019E
__ptext18                                     text18       0018D
__ptext19                                     text19       00193
__ptext2                                      text2        0019B
__ptext20                                     text20       001A1
__ptext21                                     text21       001A4
__ptext3                                      text3        00181
__ptext4                                      text4        00155
__ptext5                                      text5        00106
__ptext6                                      text6        00041
__ptext7                                      text7        00165
__ptext8                                      text8        00187
__ptext9                                      text9        00171
_adc_busy_status                              bssCOMMON    0007C
_main                                         maintext     00124
_timer1ReloadVal                              bssCOMMON    0007A
btemp                                         (abs)        0007E
end_of_initialization                         cinit        0003D
int$flags                                     (abs)        0007E
intlevel0                                     functab      00000
intlevel1                                     functab      00000
intlevel2                                     functab      00000
intlevel3                                     functab      00000
intlevel4                                     functab      00000
intlevel5                                     functab      00000
reset_vec                                     reset_vec    00000
start                                         init         00031
start_initialization                          cinit        00033
wtemp0                                        (abs)        0007E


MODULE INFORMATION

Module		Function		Class		Link	Load	Size
mcc_generated_files/timer/src/tmr1.c
		_TMR1_Initialize		CODE           	0106	0000	30
		_TMR1_Start    		CODE           	019B	0000	3
		_TMR1_TMRInterruptEnable		CODE           	0198	0000	3
		_TMR1_OverflowCallbackRegister		CODE           	0181	0000	6
		_TMR1_DefaultOverflowCallback		CODE           	01A7	0000	1
		_TMR1_CounterSet		CODE           	013E	0000	23
		_TMR1_OverflowISR		CODE           	00E1	0000	37

mcc_generated_files/timer/src/tmr1.c estimated size: 103

mcc_generated_files/system/src/interrupt.c
		_INT_SetInterruptHandler		CODE           	0187	0000	6
		_INTERRUPT_Initialize		CODE           	0165	0000	12
		_INTERRUPT_InterruptManager		CODE           	0004	0000	45

mcc_generated_files/system/src/interrupt.c estimated size: 63

mcc_generated_files/adc/src/adc.c
		_ADC_Initialize		CODE           	00B6	0000	43
		_ADC_IsConversionDone		CODE           	017A	0000	7
		_ADC_ConversionStart		CODE           	019E	0000	3
		_ADC_ChannelSelect		CODE           	0193	0000	5
		_ADC_ISR       		CODE           	01A4	0000	3
		_ADC_ThresholdISR		CODE           	01A1	0000	3
		_ADC_ConversionResultGet		CODE           	018D	0000	6

mcc_generated_files/adc/src/adc.c estimated size: 70

mcc_generated_files/system/src/pins.c
		_PIN_MANAGER_Initialize		CODE           	0041	0000	70

mcc_generated_files/system/src/pins.c estimated size: 70

shared
		__initialization		CODE           	0033	0000	10

shared estimated size: 10

mcc_generated_files/system/src/clock.c
		_CLOCK_Initialize		CODE           	0171	0000	9

mcc_generated_files/system/src/clock.c estimated size: 9

main.c
		_main          		CODE           	0124	0000	26
		_ADC_Logic     		CODE           	0087	0000	47

main.c estimated size: 73

mcc_generated_files/system/src/system.c
		_SYSTEM_Initialize		CODE           	0155	0000	16

mcc_generated_files/system/src/system.c estimated size: 16

